
> quartz@0.1.0 build
> next build

   ▲ Next.js 16.0.8 (Turbopack)

   Creating an optimized production build ...
Turbopack build encountered 2 warnings:
[next]/internal/font/google/inter_5ad8f9e7.module.css
Error while requesting resource
There was an issue establishing a connection while requesting https://fonts.googleapis.com/css2?family=Inter:wght@400;500;600&display=swap

Import trace:
  Server Component:
    [next]/internal/font/google/inter_5ad8f9e7.module.css
    [next]/internal/font/google/inter_5ad8f9e7.js
    ./src/app/layout.tsx


[next]/internal/font/google/poppins_d417ab24.module.css
Error while requesting resource
There was an issue establishing a connection while requesting https://fonts.googleapis.com/css2?family=Poppins:wght@600;700&display=swap

Import trace:
  Server Component:
    [next]/internal/font/google/poppins_d417ab24.module.css
    [next]/internal/font/google/poppins_d417ab24.js
    ./src/app/layout.tsx



> Build error occurred
Error: Turbopack build failed with 2 errors:
[next]/internal/font/google/inter_5ad8f9e7.module.css
next/font: error:
Failed to fetch `Inter` from Google Fonts.

Import trace:
  Server Component:
    [next]/internal/font/google/inter_5ad8f9e7.module.css
    [next]/internal/font/google/inter_5ad8f9e7.js
    ./src/app/layout.tsx


[next]/internal/font/google/poppins_d417ab24.module.css
next/font: error:
Failed to fetch `Poppins` from Google Fonts.

Import trace:
  Server Component:
    [next]/internal/font/google/poppins_d417ab24.module.css
    [next]/internal/font/google/poppins_d417ab24.js
    ./src/app/layout.tsx


    at ignore-listed frames
